[2022-05-22T01:38:52.430-0900][gc,heap] Heap region size: 1M
[2022-05-22T01:38:52.437-0900][gc     ] Using G1
[2022-05-22T01:38:52.437-0900][gc,heap,coops] Heap address: 0x00000007c0000000, size: 1024 MB, Compressed Oops mode: Zero based, Oop shift amount: 3
[2022-05-22T01:38:53.350-0900][gc,start     ] GC(0) Pause Young (Concurrent Start) (Metadata GC Threshold)
[2022-05-22T01:38:53.350-0900][gc,task      ] GC(0) Using 4 workers of 4 for evacuation
[2022-05-22T01:38:53.357-0900][gc,phases    ] GC(0)   Pre Evacuate Collection Set: 0.0ms
[2022-05-22T01:38:53.357-0900][gc,phases    ] GC(0)   Evacuate Collection Set: 6.8ms
[2022-05-22T01:38:53.357-0900][gc,phases    ] GC(0)   Post Evacuate Collection Set: 0.5ms
[2022-05-22T01:38:53.357-0900][gc,phases    ] GC(0)   Other: 0.5ms
[2022-05-22T01:38:53.357-0900][gc,heap      ] GC(0) Eden regions: 42->0(44)
[2022-05-22T01:38:53.357-0900][gc,heap      ] GC(0) Survivor regions: 0->7(7)
[2022-05-22T01:38:53.357-0900][gc,heap      ] GC(0) Old regions: 0->0
[2022-05-22T01:38:53.357-0900][gc,heap      ] GC(0) Humongous regions: 0->0
[2022-05-22T01:38:53.357-0900][gc,metaspace ] GC(0) Metaspace: 20678K->20678K(1069056K)
[2022-05-22T01:38:53.357-0900][gc           ] GC(0) Pause Young (Concurrent Start) (Metadata GC Threshold) 41M->6M(1024M) 7.875ms
[2022-05-22T01:38:53.358-0900][gc,cpu       ] GC(0) User=0.02s Sys=0.00s Real=0.00s
[2022-05-22T01:38:53.358-0900][gc           ] GC(1) Concurrent Cycle
[2022-05-22T01:38:53.358-0900][gc,marking   ] GC(1) Concurrent Clear Claimed Marks
[2022-05-22T01:38:53.358-0900][gc,marking   ] GC(1) Concurrent Clear Claimed Marks 0.042ms
[2022-05-22T01:38:53.358-0900][gc,marking   ] GC(1) Concurrent Scan Root Regions
[2022-05-22T01:38:53.360-0900][gc,marking   ] GC(1) Concurrent Scan Root Regions 2.785ms
[2022-05-22T01:38:53.361-0900][gc,marking   ] GC(1) Concurrent Mark (0.938s)
[2022-05-22T01:38:53.361-0900][gc,marking   ] GC(1) Concurrent Mark From Roots
[2022-05-22T01:38:53.361-0900][gc,task      ] GC(1) Using 1 workers of 1 for marking
[2022-05-22T01:38:53.361-0900][gc,marking   ] GC(1) Concurrent Mark From Roots 0.146ms
[2022-05-22T01:38:53.361-0900][gc,marking   ] GC(1) Concurrent Preclean
[2022-05-22T01:38:53.361-0900][gc,marking   ] GC(1) Concurrent Preclean 0.050ms
[2022-05-22T01:38:53.361-0900][gc,marking   ] GC(1) Concurrent Mark (0.938s, 0.939s) 0.243ms
[2022-05-22T01:38:53.361-0900][gc,start     ] GC(1) Pause Remark
[2022-05-22T01:38:53.362-0900][gc,stringtable] GC(1) Cleaned string and symbol table, strings: 7485 processed, 0 removed, symbols: 63548 processed, 32 removed
[2022-05-22T01:38:53.362-0900][gc            ] GC(1) Pause Remark 7M->7M(1024M) 1.435ms
[2022-05-22T01:38:53.362-0900][gc,cpu        ] GC(1) User=0.01s Sys=0.00s Real=0.00s
[2022-05-22T01:38:53.363-0900][gc,marking    ] GC(1) Concurrent Rebuild Remembered Sets
[2022-05-22T01:38:53.363-0900][gc,marking    ] GC(1) Concurrent Rebuild Remembered Sets 0.102ms
[2022-05-22T01:38:53.363-0900][gc,start      ] GC(1) Pause Cleanup
[2022-05-22T01:38:53.363-0900][gc            ] GC(1) Pause Cleanup 7M->7M(1024M) 0.125ms
[2022-05-22T01:38:53.363-0900][gc,cpu        ] GC(1) User=0.00s Sys=0.00s Real=0.00s
[2022-05-22T01:38:53.363-0900][gc,marking    ] GC(1) Concurrent Cleanup for Next Mark
[2022-05-22T01:38:53.370-0900][gc,marking    ] GC(1) Concurrent Cleanup for Next Mark 6.958ms
[2022-05-22T01:38:53.370-0900][gc            ] GC(1) Concurrent Cycle 12.401ms
[2022-05-22T01:38:54.409-0900][gc,start      ] GC(2) Pause Young (Normal) (G1 Evacuation Pause)
[2022-05-22T01:38:54.409-0900][gc,task       ] GC(2) Using 4 workers of 4 for evacuation
[2022-05-22T01:38:54.414-0900][gc,phases     ] GC(2)   Pre Evacuate Collection Set: 0.0ms
[2022-05-22T01:38:54.415-0900][gc,phases     ] GC(2)   Evacuate Collection Set: 5.4ms
[2022-05-22T01:38:54.415-0900][gc,phases     ] GC(2)   Post Evacuate Collection Set: 0.4ms
[2022-05-22T01:38:54.415-0900][gc,phases     ] GC(2)   Other: 0.1ms
[2022-05-22T01:38:54.415-0900][gc,heap       ] GC(2) Eden regions: 44->0(48)
[2022-05-22T01:38:54.415-0900][gc,heap       ] GC(2) Survivor regions: 7->3(7)
[2022-05-22T01:38:54.415-0900][gc,heap       ] GC(2) Old regions: 0->7
[2022-05-22T01:38:54.415-0900][gc,heap       ] GC(2) Humongous regions: 129->129
[2022-05-22T01:38:54.415-0900][gc,metaspace  ] GC(2) Metaspace: 30474K->30474K(1077248K)
[2022-05-22T01:38:54.415-0900][gc            ] GC(2) Pause Young (Normal) (G1 Evacuation Pause) 179M->138M(1024M) 6.052ms
[2022-05-22T01:38:54.415-0900][gc,cpu        ] GC(2) User=0.02s Sys=0.00s Real=0.01s
[2022-05-22T01:38:54.727-0900][gc,start      ] GC(3) Pause Young (Concurrent Start) (Metadata GC Threshold)
[2022-05-22T01:38:54.727-0900][gc,task       ] GC(3) Using 4 workers of 4 for evacuation
[2022-05-22T01:38:54.731-0900][gc,phases     ] GC(3)   Pre Evacuate Collection Set: 0.1ms
[2022-05-22T01:38:54.731-0900][gc,phases     ] GC(3)   Evacuate Collection Set: 3.6ms
[2022-05-22T01:38:54.731-0900][gc,phases     ] GC(3)   Post Evacuate Collection Set: 0.2ms
[2022-05-22T01:38:54.731-0900][gc,phases     ] GC(3)   Other: 0.2ms
[2022-05-22T01:38:54.731-0900][gc,heap       ] GC(3) Eden regions: 23->0(47)
[2022-05-22T01:38:54.731-0900][gc,heap       ] GC(3) Survivor regions: 3->4(7)
[2022-05-22T01:38:54.731-0900][gc,heap       ] GC(3) Old regions: 7->7
[2022-05-22T01:38:54.731-0900][gc,heap       ] GC(3) Humongous regions: 129->129
[2022-05-22T01:38:54.731-0900][gc,metaspace  ] GC(3) Metaspace: 34727K->34727K(1081344K)
[2022-05-22T01:38:54.731-0900][gc            ] GC(3) Pause Young (Concurrent Start) (Metadata GC Threshold) 161M->139M(1024M) 4.217ms
[2022-05-22T01:38:54.731-0900][gc,cpu        ] GC(3) User=0.02s Sys=0.00s Real=0.01s
[2022-05-22T01:38:54.731-0900][gc            ] GC(4) Concurrent Cycle
[2022-05-22T01:38:54.731-0900][gc,marking    ] GC(4) Concurrent Clear Claimed Marks
[2022-05-22T01:38:54.731-0900][gc,marking    ] GC(4) Concurrent Clear Claimed Marks 0.043ms
[2022-05-22T01:38:54.731-0900][gc,marking    ] GC(4) Concurrent Scan Root Regions
[2022-05-22T01:38:54.734-0900][gc,marking    ] GC(4) Concurrent Scan Root Regions 2.288ms
[2022-05-22T01:38:54.734-0900][gc,marking    ] GC(4) Concurrent Mark (2.312s)
[2022-05-22T01:38:54.734-0900][gc,marking    ] GC(4) Concurrent Mark From Roots
[2022-05-22T01:38:54.734-0900][gc,task       ] GC(4) Using 1 workers of 1 for marking
[2022-05-22T01:38:54.740-0900][gc,marking    ] GC(4) Concurrent Mark From Roots 6.474ms
[2022-05-22T01:38:54.740-0900][gc,marking    ] GC(4) Concurrent Preclean
[2022-05-22T01:38:54.740-0900][gc,marking    ] GC(4) Concurrent Preclean 0.048ms
[2022-05-22T01:38:54.740-0900][gc,marking    ] GC(4) Concurrent Mark (2.312s, 2.318s) 6.581ms
[2022-05-22T01:38:54.740-0900][gc,start      ] GC(4) Pause Remark
[2022-05-22T01:38:54.744-0900][gc,stringtable] GC(4) Cleaned string and symbol table, strings: 11723 processed, 9 removed, symbols: 94143 processed, 27 removed
[2022-05-22T01:38:54.744-0900][gc            ] GC(4) Pause Remark 140M->140M(1024M) 3.374ms
[2022-05-22T01:38:54.744-0900][gc,cpu        ] GC(4) User=0.01s Sys=0.00s Real=0.00s
[2022-05-22T01:38:54.744-0900][gc,marking    ] GC(4) Concurrent Rebuild Remembered Sets
[2022-05-22T01:38:54.748-0900][gc,marking    ] GC(4) Concurrent Rebuild Remembered Sets 3.872ms
[2022-05-22T01:38:54.748-0900][gc,start      ] GC(4) Pause Cleanup
[2022-05-22T01:38:54.748-0900][gc            ] GC(4) Pause Cleanup 140M->140M(1024M) 0.145ms
[2022-05-22T01:38:54.748-0900][gc,cpu        ] GC(4) User=0.01s Sys=0.00s Real=0.00s
[2022-05-22T01:38:54.748-0900][gc,marking    ] GC(4) Concurrent Cleanup for Next Mark
[2022-05-22T01:38:54.755-0900][gc,marking    ] GC(4) Concurrent Cleanup for Next Mark 6.514ms
[2022-05-22T01:38:54.755-0900][gc            ] GC(4) Concurrent Cycle 23.418ms
[2022-05-22T01:39:32.780-0900][gc,start      ] GC(5) Pause Young (Normal) (G1 Evacuation Pause)
[2022-05-22T01:39:32.787-0900][gc,task       ] GC(5) Using 4 workers of 4 for evacuation
[2022-05-22T01:39:32.794-0900][gc,phases     ] GC(5)   Pre Evacuate Collection Set: 0.0ms
[2022-05-22T01:39:32.794-0900][gc,phases     ] GC(5)   Evacuate Collection Set: 6.4ms
[2022-05-22T01:39:32.794-0900][gc,phases     ] GC(5)   Post Evacuate Collection Set: 0.5ms
[2022-05-22T01:39:32.794-0900][gc,phases     ] GC(5)   Other: 6.7ms
[2022-05-22T01:39:32.794-0900][gc,heap       ] GC(5) Eden regions: 47->0(46)
[2022-05-22T01:39:32.794-0900][gc,heap       ] GC(5) Survivor regions: 4->5(7)
[2022-05-22T01:39:32.794-0900][gc,heap       ] GC(5) Old regions: 7->9
[2022-05-22T01:39:32.794-0900][gc,heap       ] GC(5) Humongous regions: 129->129
[2022-05-22T01:39:32.794-0900][gc,metaspace  ] GC(5) Metaspace: 43759K->43759K(1089536K)
[2022-05-22T01:39:32.794-0900][gc            ] GC(5) Pause Young (Normal) (G1 Evacuation Pause) 186M->142M(1024M) 13.680ms
[2022-05-22T01:39:32.794-0900][gc,cpu        ] GC(5) User=0.02s Sys=0.00s Real=0.01s
[2022-05-22T01:43:53.027-0900][gc,start      ] GC(6) Pause Young (Normal) (G1 Evacuation Pause)
[2022-05-22T01:43:53.032-0900][gc,task       ] GC(6) Using 4 workers of 4 for evacuation
[2022-05-22T01:43:53.049-0900][gc,phases     ] GC(6)   Pre Evacuate Collection Set: 0.8ms
[2022-05-22T01:43:53.049-0900][gc,phases     ] GC(6)   Evacuate Collection Set: 9.8ms
[2022-05-22T01:43:53.049-0900][gc,phases     ] GC(6)   Post Evacuate Collection Set: 0.4ms
[2022-05-22T01:43:53.049-0900][gc,phases     ] GC(6)   Other: 10.8ms
[2022-05-22T01:43:53.049-0900][gc,heap       ] GC(6) Eden regions: 46->0(47)
[2022-05-22T01:43:53.049-0900][gc,heap       ] GC(6) Survivor regions: 5->4(7)
[2022-05-22T01:43:53.049-0900][gc,heap       ] GC(6) Old regions: 9->11
[2022-05-22T01:43:53.049-0900][gc,heap       ] GC(6) Humongous regions: 129->129
[2022-05-22T01:43:53.049-0900][gc,metaspace  ] GC(6) Metaspace: 44218K->44218K(1089536K)
[2022-05-22T01:43:53.049-0900][gc            ] GC(6) Pause Young (Normal) (G1 Evacuation Pause) 188M->142M(1024M) 21.803ms
[2022-05-22T01:43:53.049-0900][gc,cpu        ] GC(6) User=0.01s Sys=0.02s Real=0.02s
[2022-05-22T01:48:31.620-0900][gc,start      ] GC(7) Pause Young (Normal) (G1 Evacuation Pause)
[2022-05-22T01:48:31.620-0900][gc,task       ] GC(7) Using 4 workers of 4 for evacuation
[2022-05-22T01:48:31.623-0900][gc,phases     ] GC(7)   Pre Evacuate Collection Set: 0.0ms
[2022-05-22T01:48:31.623-0900][gc,phases     ] GC(7)   Evacuate Collection Set: 1.8ms
[2022-05-22T01:48:31.623-0900][gc,phases     ] GC(7)   Post Evacuate Collection Set: 0.3ms
[2022-05-22T01:48:31.623-0900][gc,phases     ] GC(7)   Other: 0.2ms
[2022-05-22T01:48:31.623-0900][gc,heap       ] GC(7) Eden regions: 47->0(48)
[2022-05-22T01:48:31.623-0900][gc,heap       ] GC(7) Survivor regions: 4->3(7)
[2022-05-22T01:48:31.623-0900][gc,heap       ] GC(7) Old regions: 11->11
[2022-05-22T01:48:31.623-0900][gc,heap       ] GC(7) Humongous regions: 129->129
[2022-05-22T01:48:31.623-0900][gc,metaspace  ] GC(7) Metaspace: 44271K->44271K(1089536K)
[2022-05-22T01:48:31.623-0900][gc            ] GC(7) Pause Young (Normal) (G1 Evacuation Pause) 189M->142M(1024M) 2.490ms
[2022-05-22T01:48:31.623-0900][gc,cpu        ] GC(7) User=0.01s Sys=0.00s Real=0.00s
[2022-05-22T01:54:04.935-0900][gc,start      ] GC(8) Pause Young (Normal) (G1 Evacuation Pause)
[2022-05-22T01:54:04.985-0900][gc,task       ] GC(8) Using 4 workers of 4 for evacuation
[2022-05-22T01:54:04.992-0900][gc,phases     ] GC(8)   Pre Evacuate Collection Set: 0.0ms
[2022-05-22T01:54:04.992-0900][gc,phases     ] GC(8)   Evacuate Collection Set: 6.4ms
[2022-05-22T01:54:04.993-0900][gc,phases     ] GC(8)   Post Evacuate Collection Set: 0.3ms
[2022-05-22T01:54:04.993-0900][gc,phases     ] GC(8)   Other: 56.7ms
[2022-05-22T01:54:04.993-0900][gc,heap       ] GC(8) Eden regions: 48->0(47)
[2022-05-22T01:54:04.993-0900][gc,heap       ] GC(8) Survivor regions: 3->4(7)
[2022-05-22T01:54:04.993-0900][gc,heap       ] GC(8) Old regions: 11->11
[2022-05-22T01:54:04.993-0900][gc,heap       ] GC(8) Humongous regions: 129->129
[2022-05-22T01:54:04.993-0900][gc,metaspace  ] GC(8) Metaspace: 44295K->44295K(1089536K)
[2022-05-22T01:54:04.993-0900][gc            ] GC(8) Pause Young (Normal) (G1 Evacuation Pause) 190M->142M(1024M) 57.971ms
[2022-05-22T01:54:04.993-0900][gc,cpu        ] GC(8) User=0.01s Sys=0.00s Real=0.06s
[2022-05-22T02:03:13.382-0900][gc,start      ] GC(9) Pause Young (Normal) (G1 Evacuation Pause)
[2022-05-22T02:03:13.387-0900][gc,task       ] GC(9) Using 4 workers of 4 for evacuation
[2022-05-22T02:03:13.390-0900][gc,phases     ] GC(9)   Pre Evacuate Collection Set: 0.0ms
[2022-05-22T02:03:13.390-0900][gc,phases     ] GC(9)   Evacuate Collection Set: 1.8ms
[2022-05-22T02:03:13.390-0900][gc,phases     ] GC(9)   Post Evacuate Collection Set: 0.3ms
[2022-05-22T02:03:13.390-0900][gc,phases     ] GC(9)   Other: 5.5ms
[2022-05-22T02:03:13.390-0900][gc,heap       ] GC(9) Eden regions: 47->0(48)
[2022-05-22T02:03:13.390-0900][gc,heap       ] GC(9) Survivor regions: 4->3(7)
[2022-05-22T02:03:13.390-0900][gc,heap       ] GC(9) Old regions: 11->11
[2022-05-22T02:03:13.390-0900][gc,heap       ] GC(9) Humongous regions: 129->129
[2022-05-22T02:03:13.390-0900][gc,metaspace  ] GC(9) Metaspace: 44311K->44311K(1089536K)
[2022-05-22T02:03:13.390-0900][gc            ] GC(9) Pause Young (Normal) (G1 Evacuation Pause) 189M->142M(1024M) 7.774ms
[2022-05-22T02:03:13.390-0900][gc,cpu        ] GC(9) User=0.01s Sys=0.00s Real=0.01s
[2022-05-22T02:05:40.787-0900][gc,start      ] GC(10) Pause Young (Normal) (G1 Evacuation Pause)
[2022-05-22T02:05:40.787-0900][gc,task       ] GC(10) Using 4 workers of 4 for evacuation
[2022-05-22T02:05:40.790-0900][gc,phases     ] GC(10)   Pre Evacuate Collection Set: 0.0ms
[2022-05-22T02:05:40.790-0900][gc,phases     ] GC(10)   Evacuate Collection Set: 1.8ms
[2022-05-22T02:05:40.790-0900][gc,phases     ] GC(10)   Post Evacuate Collection Set: 0.3ms
[2022-05-22T02:05:40.790-0900][gc,phases     ] GC(10)   Other: 0.2ms
[2022-05-22T02:05:40.790-0900][gc,heap       ] GC(10) Eden regions: 48->0(48)
[2022-05-22T02:05:40.790-0900][gc,heap       ] GC(10) Survivor regions: 3->3(7)
[2022-05-22T02:05:40.790-0900][gc,heap       ] GC(10) Old regions: 11->11
[2022-05-22T02:05:40.790-0900][gc,heap       ] GC(10) Humongous regions: 129->129
[2022-05-22T02:05:40.790-0900][gc,metaspace  ] GC(10) Metaspace: 44328K->44328K(1089536K)
[2022-05-22T02:05:40.790-0900][gc            ] GC(10) Pause Young (Normal) (G1 Evacuation Pause) 190M->142M(1024M) 2.428ms
[2022-05-22T02:05:40.790-0900][gc,cpu        ] GC(10) User=0.01s Sys=0.00s Real=0.01s
[2022-05-22T02:08:11.056-0900][gc,start      ] GC(11) Pause Young (Normal) (G1 Evacuation Pause)
[2022-05-22T02:08:11.056-0900][gc,task       ] GC(11) Using 4 workers of 4 for evacuation
[2022-05-22T02:08:11.061-0900][gc,phases     ] GC(11)   Pre Evacuate Collection Set: 0.0ms
[2022-05-22T02:08:11.061-0900][gc,phases     ] GC(11)   Evacuate Collection Set: 3.1ms
[2022-05-22T02:08:11.061-0900][gc,phases     ] GC(11)   Post Evacuate Collection Set: 1.6ms
[2022-05-22T02:08:11.061-0900][gc,phases     ] GC(11)   Other: 0.2ms
[2022-05-22T02:08:11.061-0900][gc,heap       ] GC(11) Eden regions: 48->0(51)
[2022-05-22T02:08:11.061-0900][gc,heap       ] GC(11) Survivor regions: 3->3(7)
[2022-05-22T02:08:11.061-0900][gc,heap       ] GC(11) Old regions: 11->11
[2022-05-22T02:08:11.061-0900][gc,heap       ] GC(11) Humongous regions: 129->129
[2022-05-22T02:08:11.061-0900][gc,metaspace  ] GC(11) Metaspace: 44340K->44340K(1089536K)
[2022-05-22T02:08:11.061-0900][gc            ] GC(11) Pause Young (Normal) (G1 Evacuation Pause) 190M->142M(1024M) 5.041ms
[2022-05-22T02:08:11.061-0900][gc,cpu        ] GC(11) User=0.01s Sys=0.00s Real=0.01s
[2022-05-22T02:10:52.363-0900][gc,start      ] GC(12) Pause Young (Normal) (G1 Evacuation Pause)
[2022-05-22T02:10:52.379-0900][gc,task       ] GC(12) Using 4 workers of 4 for evacuation
[2022-05-22T02:10:52.382-0900][gc,phases     ] GC(12)   Pre Evacuate Collection Set: 0.0ms
[2022-05-22T02:10:52.382-0900][gc,phases     ] GC(12)   Evacuate Collection Set: 2.0ms
[2022-05-22T02:10:52.382-0900][gc,phases     ] GC(12)   Post Evacuate Collection Set: 0.4ms
[2022-05-22T02:10:52.382-0900][gc,phases     ] GC(12)   Other: 22.8ms
[2022-05-22T02:10:52.382-0900][gc,heap       ] GC(12) Eden regions: 51->0(55)
[2022-05-22T02:10:52.382-0900][gc,heap       ] GC(12) Survivor regions: 3->3(7)
[2022-05-22T02:10:52.382-0900][gc,heap       ] GC(12) Old regions: 11->11
[2022-05-22T02:10:52.382-0900][gc,heap       ] GC(12) Humongous regions: 129->129
[2022-05-22T02:10:52.382-0900][gc,metaspace  ] GC(12) Metaspace: 44345K->44345K(1089536K)
[2022-05-22T02:10:52.382-0900][gc            ] GC(12) Pause Young (Normal) (G1 Evacuation Pause) 193M->142M(1024M) 19.028ms
[2022-05-22T02:10:52.382-0900][gc,cpu        ] GC(12) User=0.01s Sys=0.00s Real=0.02s
[2022-05-22T02:13:47.162-0900][gc,start      ] GC(13) Pause Young (Normal) (G1 Evacuation Pause)
[2022-05-22T02:13:47.162-0900][gc,task       ] GC(13) Using 4 workers of 4 for evacuation
[2022-05-22T02:13:47.164-0900][gc,phases     ] GC(13)   Pre Evacuate Collection Set: 0.0ms
[2022-05-22T02:13:47.164-0900][gc,phases     ] GC(13)   Evacuate Collection Set: 2.2ms
[2022-05-22T02:13:47.164-0900][gc,phases     ] GC(13)   Post Evacuate Collection Set: 0.4ms
[2022-05-22T02:13:47.165-0900][gc,phases     ] GC(13)   Other: 0.2ms
[2022-05-22T02:13:47.165-0900][gc,heap       ] GC(13) Eden regions: 55->0(61)
[2022-05-22T02:13:47.165-0900][gc,heap       ] GC(13) Survivor regions: 3->3(8)
[2022-05-22T02:13:47.165-0900][gc,heap       ] GC(13) Old regions: 11->11
[2022-05-22T02:13:47.165-0900][gc,heap       ] GC(13) Humongous regions: 129->129
[2022-05-22T02:13:47.165-0900][gc,metaspace  ] GC(13) Metaspace: 44346K->44346K(1089536K)
[2022-05-22T02:13:47.165-0900][gc            ] GC(13) Pause Young (Normal) (G1 Evacuation Pause) 197M->142M(1024M) 2.908ms
[2022-05-22T02:13:47.165-0900][gc,cpu        ] GC(13) User=0.01s Sys=0.00s Real=0.00s
[2022-05-22T02:16:57.602-0900][gc,start      ] GC(14) Pause Young (Normal) (G1 Evacuation Pause)
[2022-05-22T02:16:57.613-0900][gc,task       ] GC(14) Using 4 workers of 4 for evacuation
[2022-05-22T02:16:57.615-0900][gc,phases     ] GC(14)   Pre Evacuate Collection Set: 0.0ms
[2022-05-22T02:16:57.615-0900][gc,phases     ] GC(14)   Evacuate Collection Set: 2.3ms
[2022-05-22T02:16:57.615-0900][gc,phases     ] GC(14)   Post Evacuate Collection Set: 0.4ms
[2022-05-22T02:16:57.615-0900][gc,phases     ] GC(14)   Other: 11.1ms
[2022-05-22T02:16:57.615-0900][gc,heap       ] GC(14) Eden regions: 61->0(69)
[2022-05-22T02:16:57.615-0900][gc,heap       ] GC(14) Survivor regions: 3->3(8)
[2022-05-22T02:16:57.615-0900][gc,heap       ] GC(14) Old regions: 11->11
[2022-05-22T02:16:57.615-0900][gc,heap       ] GC(14) Humongous regions: 129->129
[2022-05-22T02:16:57.615-0900][gc,metaspace  ] GC(14) Metaspace: 44348K->44348K(1089536K)
[2022-05-22T02:16:57.616-0900][gc            ] GC(14) Pause Young (Normal) (G1 Evacuation Pause) 203M->142M(1024M) 13.919ms
[2022-05-22T02:16:57.616-0900][gc,cpu        ] GC(14) User=0.00s Sys=0.00s Real=0.01s
[2022-05-22T02:21:53.500-0900][gc,start      ] GC(15) Pause Young (Normal) (G1 Evacuation Pause)
[2022-05-22T02:21:53.504-0900][gc,task       ] GC(15) Using 4 workers of 4 for evacuation
[2022-05-22T02:21:53.507-0900][gc,phases     ] GC(15)   Pre Evacuate Collection Set: 0.0ms
[2022-05-22T02:21:53.507-0900][gc,phases     ] GC(15)   Evacuate Collection Set: 2.6ms
[2022-05-22T02:21:53.507-0900][gc,phases     ] GC(15)   Post Evacuate Collection Set: 0.4ms
[2022-05-22T02:21:53.507-0900][gc,phases     ] GC(15)   Other: 3.6ms
[2022-05-22T02:21:53.507-0900][gc,heap       ] GC(15) Eden regions: 69->0(78)
[2022-05-22T02:21:53.507-0900][gc,heap       ] GC(15) Survivor regions: 3->3(9)
[2022-05-22T02:21:53.507-0900][gc,heap       ] GC(15) Old regions: 11->11
[2022-05-22T02:21:53.507-0900][gc,heap       ] GC(15) Humongous regions: 129->129
[2022-05-22T02:21:53.507-0900][gc,metaspace  ] GC(15) Metaspace: 44377K->44377K(1089536K)
[2022-05-22T02:21:53.507-0900][gc            ] GC(15) Pause Young (Normal) (G1 Evacuation Pause) 211M->142M(1024M) 6.649ms
[2022-05-22T02:21:53.507-0900][gc,cpu        ] GC(15) User=0.01s Sys=0.01s Real=0.00s
[2022-05-22T02:29:01.427-0900][gc,start      ] GC(16) Pause Young (Normal) (G1 Evacuation Pause)
[2022-05-22T02:29:01.466-0900][gc,task       ] GC(16) Using 4 workers of 4 for evacuation
[2022-05-22T02:29:01.469-0900][gc,phases     ] GC(16)   Pre Evacuate Collection Set: 0.0ms
[2022-05-22T02:29:01.469-0900][gc,phases     ] GC(16)   Evacuate Collection Set: 2.4ms
[2022-05-22T02:29:01.469-0900][gc,phases     ] GC(16)   Post Evacuate Collection Set: 0.4ms
[2022-05-22T02:29:01.469-0900][gc,phases     ] GC(16)   Other: 38.7ms
[2022-05-22T02:29:01.469-0900][gc,heap       ] GC(16) Eden regions: 78->0(90)
[2022-05-22T02:29:01.469-0900][gc,heap       ] GC(16) Survivor regions: 3->4(11)
[2022-05-22T02:29:01.469-0900][gc,heap       ] GC(16) Old regions: 11->11
[2022-05-22T02:29:01.469-0900][gc,heap       ] GC(16) Humongous regions: 129->129
[2022-05-22T02:29:01.469-0900][gc,metaspace  ] GC(16) Metaspace: 44380K->44380K(1089536K)
[2022-05-22T02:29:01.469-0900][gc            ] GC(16) Pause Young (Normal) (G1 Evacuation Pause) 220M->142M(1024M) 41.680ms
[2022-05-22T02:29:01.469-0900][gc,cpu        ] GC(16) User=0.01s Sys=0.00s Real=0.04s
[2022-05-22T02:37:53.831-0900][gc,start      ] GC(17) Pause Young (Normal) (G1 Evacuation Pause)
[2022-05-22T02:37:53.837-0900][gc,task       ] GC(17) Using 4 workers of 4 for evacuation
[2022-05-22T02:37:53.840-0900][gc,phases     ] GC(17)   Pre Evacuate Collection Set: 0.0ms
[2022-05-22T02:37:53.840-0900][gc,phases     ] GC(17)   Evacuate Collection Set: 3.0ms
[2022-05-22T02:37:53.840-0900][gc,phases     ] GC(17)   Post Evacuate Collection Set: 0.5ms
[2022-05-22T02:37:53.840-0900][gc,phases     ] GC(17)   Other: 5.5ms
[2022-05-22T02:37:53.840-0900][gc,heap       ] GC(17) Eden regions: 90->0(611)
[2022-05-22T02:37:53.840-0900][gc,heap       ] GC(17) Survivor regions: 4->3(12)
[2022-05-22T02:37:53.840-0900][gc,heap       ] GC(17) Old regions: 11->11
[2022-05-22T02:37:53.840-0900][gc,heap       ] GC(17) Humongous regions: 129->129
[2022-05-22T02:37:53.840-0900][gc,metaspace  ] GC(17) Metaspace: 44390K->44390K(1089536K)
[2022-05-22T02:37:53.840-0900][gc            ] GC(17) Pause Young (Normal) (G1 Evacuation Pause) 232M->142M(1024M) 9.095ms
[2022-05-22T02:37:53.840-0900][gc,cpu        ] GC(17) User=0.00s Sys=0.00s Real=0.01s
[2022-05-22T14:48:37.374-0900][gc,heap,exit  ] Heap
[2022-05-22T14:48:37.374-0900][gc,heap,exit  ]  garbage-first heap   total 1048576K, used 400735K [0x00000007c0000000, 0x0000000800000000)
[2022-05-22T14:48:37.375-0900][gc,heap,exit  ]   region size 1024K, 254 young (260096K), 3 survivors (3072K)
[2022-05-22T14:48:37.375-0900][gc,heap,exit  ]  Metaspace       used 45230K, capacity 46872K, committed 47228K, reserved 1091584K
[2022-05-22T14:48:37.375-0900][gc,heap,exit  ]   class space    used 5258K, capacity 6034K, committed 6144K, reserved 1048576K
