[2022-05-22T01:32:39.204-0900][gc,heap] Heap region size: 1M
[2022-05-22T01:32:39.212-0900][gc     ] Using G1
[2022-05-22T01:32:39.212-0900][gc,heap,coops] Heap address: 0x00000007c0000000, size: 1024 MB, Compressed Oops mode: Zero based, Oop shift amount: 3
[2022-05-22T01:32:40.479-0900][gc,start     ] GC(0) Pause Young (Concurrent Start) (Metadata GC Threshold)
[2022-05-22T01:32:40.479-0900][gc,task      ] GC(0) Using 4 workers of 4 for evacuation
[2022-05-22T01:32:40.485-0900][gc,phases    ] GC(0)   Pre Evacuate Collection Set: 0.0ms
[2022-05-22T01:32:40.485-0900][gc,phases    ] GC(0)   Evacuate Collection Set: 5.6ms
[2022-05-22T01:32:40.486-0900][gc,phases    ] GC(0)   Post Evacuate Collection Set: 0.4ms
[2022-05-22T01:32:40.486-0900][gc,phases    ] GC(0)   Other: 0.5ms
[2022-05-22T01:32:40.486-0900][gc,heap      ] GC(0) Eden regions: 42->0(44)
[2022-05-22T01:32:40.486-0900][gc,heap      ] GC(0) Survivor regions: 0->7(7)
[2022-05-22T01:32:40.486-0900][gc,heap      ] GC(0) Old regions: 0->0
[2022-05-22T01:32:40.486-0900][gc,heap      ] GC(0) Humongous regions: 0->0
[2022-05-22T01:32:40.486-0900][gc,metaspace ] GC(0) Metaspace: 20678K->20678K(1069056K)
[2022-05-22T01:32:40.486-0900][gc           ] GC(0) Pause Young (Concurrent Start) (Metadata GC Threshold) 41M->6M(1024M) 6.720ms
[2022-05-22T01:32:40.486-0900][gc,cpu       ] GC(0) User=0.01s Sys=0.00s Real=0.01s
[2022-05-22T01:32:40.486-0900][gc           ] GC(1) Concurrent Cycle
[2022-05-22T01:32:40.486-0900][gc,marking   ] GC(1) Concurrent Clear Claimed Marks
[2022-05-22T01:32:40.486-0900][gc,marking   ] GC(1) Concurrent Clear Claimed Marks 0.027ms
[2022-05-22T01:32:40.486-0900][gc,marking   ] GC(1) Concurrent Scan Root Regions
[2022-05-22T01:32:40.488-0900][gc,marking   ] GC(1) Concurrent Scan Root Regions 2.504ms
[2022-05-22T01:32:40.488-0900][gc,marking   ] GC(1) Concurrent Mark (1.291s)
[2022-05-22T01:32:40.488-0900][gc,marking   ] GC(1) Concurrent Mark From Roots
[2022-05-22T01:32:40.488-0900][gc,task      ] GC(1) Using 1 workers of 1 for marking
[2022-05-22T01:32:40.488-0900][gc,marking   ] GC(1) Concurrent Mark From Roots 0.127ms
[2022-05-22T01:32:40.488-0900][gc,marking   ] GC(1) Concurrent Preclean
[2022-05-22T01:32:40.489-0900][gc,marking   ] GC(1) Concurrent Preclean 0.023ms
[2022-05-22T01:32:40.489-0900][gc,marking   ] GC(1) Concurrent Mark (1.291s, 1.291s) 0.185ms
[2022-05-22T01:32:40.489-0900][gc,start     ] GC(1) Pause Remark
[2022-05-22T01:32:40.490-0900][gc,stringtable] GC(1) Cleaned string and symbol table, strings: 7469 processed, 0 removed, symbols: 63546 processed, 32 removed
[2022-05-22T01:32:40.490-0900][gc            ] GC(1) Pause Remark 7M->7M(1024M) 1.540ms
[2022-05-22T01:32:40.490-0900][gc,cpu        ] GC(1) User=0.00s Sys=0.00s Real=0.01s
[2022-05-22T01:32:40.490-0900][gc,marking    ] GC(1) Concurrent Rebuild Remembered Sets
[2022-05-22T01:32:40.490-0900][gc,marking    ] GC(1) Concurrent Rebuild Remembered Sets 0.098ms
[2022-05-22T01:32:40.490-0900][gc,start      ] GC(1) Pause Cleanup
[2022-05-22T01:32:40.491-0900][gc            ] GC(1) Pause Cleanup 7M->7M(1024M) 0.095ms
[2022-05-22T01:32:40.491-0900][gc,cpu        ] GC(1) User=0.00s Sys=0.00s Real=0.00s
[2022-05-22T01:32:40.491-0900][gc,marking    ] GC(1) Concurrent Cleanup for Next Mark
[2022-05-22T01:32:40.497-0900][gc,marking    ] GC(1) Concurrent Cleanup for Next Mark 6.360ms
[2022-05-22T01:32:40.497-0900][gc            ] GC(1) Concurrent Cycle 11.293ms
[2022-05-22T01:32:42.114-0900][gc,start      ] GC(2) Pause Young (Normal) (G1 Evacuation Pause)
[2022-05-22T01:32:42.114-0900][gc,task       ] GC(2) Using 4 workers of 4 for evacuation
[2022-05-22T01:32:42.123-0900][gc,phases     ] GC(2)   Pre Evacuate Collection Set: 0.1ms
[2022-05-22T01:32:42.123-0900][gc,phases     ] GC(2)   Evacuate Collection Set: 8.2ms
[2022-05-22T01:32:42.123-0900][gc,phases     ] GC(2)   Post Evacuate Collection Set: 0.5ms
[2022-05-22T01:32:42.123-0900][gc,phases     ] GC(2)   Other: 0.2ms
[2022-05-22T01:32:42.123-0900][gc,heap       ] GC(2) Eden regions: 44->0(48)
[2022-05-22T01:32:42.123-0900][gc,heap       ] GC(2) Survivor regions: 7->3(7)
[2022-05-22T01:32:42.123-0900][gc,heap       ] GC(2) Old regions: 0->7
[2022-05-22T01:32:42.123-0900][gc,heap       ] GC(2) Humongous regions: 129->129
[2022-05-22T01:32:42.123-0900][gc,metaspace  ] GC(2) Metaspace: 30542K->30542K(1077248K)
[2022-05-22T01:32:42.123-0900][gc            ] GC(2) Pause Young (Normal) (G1 Evacuation Pause) 179M->138M(1024M) 9.089ms
[2022-05-22T01:32:42.123-0900][gc,cpu        ] GC(2) User=0.02s Sys=0.01s Real=0.01s
[2022-05-22T01:32:42.598-0900][gc,start      ] GC(3) Pause Young (Concurrent Start) (Metadata GC Threshold)
[2022-05-22T01:32:42.598-0900][gc,task       ] GC(3) Using 4 workers of 4 for evacuation
[2022-05-22T01:32:42.602-0900][gc,phases     ] GC(3)   Pre Evacuate Collection Set: 0.1ms
[2022-05-22T01:32:42.602-0900][gc,phases     ] GC(3)   Evacuate Collection Set: 3.0ms
[2022-05-22T01:32:42.602-0900][gc,phases     ] GC(3)   Post Evacuate Collection Set: 0.3ms
[2022-05-22T01:32:42.602-0900][gc,phases     ] GC(3)   Other: 0.2ms
[2022-05-22T01:32:42.602-0900][gc,heap       ] GC(3) Eden regions: 23->0(47)
[2022-05-22T01:32:42.602-0900][gc,heap       ] GC(3) Survivor regions: 3->4(7)
[2022-05-22T01:32:42.602-0900][gc,heap       ] GC(3) Old regions: 7->7
[2022-05-22T01:32:42.602-0900][gc,heap       ] GC(3) Humongous regions: 129->129
[2022-05-22T01:32:42.602-0900][gc,metaspace  ] GC(3) Metaspace: 34658K->34658K(1081344K)
[2022-05-22T01:32:42.602-0900][gc            ] GC(3) Pause Young (Concurrent Start) (Metadata GC Threshold) 160M->139M(1024M) 3.666ms
[2022-05-22T01:32:42.602-0900][gc,cpu        ] GC(3) User=0.01s Sys=0.00s Real=0.01s
[2022-05-22T01:32:42.602-0900][gc            ] GC(4) Concurrent Cycle
[2022-05-22T01:32:42.602-0900][gc,marking    ] GC(4) Concurrent Clear Claimed Marks
[2022-05-22T01:32:42.602-0900][gc,marking    ] GC(4) Concurrent Clear Claimed Marks 0.059ms
[2022-05-22T01:32:42.602-0900][gc,marking    ] GC(4) Concurrent Scan Root Regions
[2022-05-22T01:32:42.605-0900][gc,marking    ] GC(4) Concurrent Scan Root Regions 2.555ms
[2022-05-22T01:32:42.605-0900][gc,marking    ] GC(4) Concurrent Mark (3.407s)
[2022-05-22T01:32:42.605-0900][gc,marking    ] GC(4) Concurrent Mark From Roots
[2022-05-22T01:32:42.605-0900][gc,task       ] GC(4) Using 1 workers of 1 for marking
[2022-05-22T01:32:42.612-0900][gc,marking    ] GC(4) Concurrent Mark From Roots 7.039ms
[2022-05-22T01:32:42.612-0900][gc,marking    ] GC(4) Concurrent Preclean
[2022-05-22T01:32:42.612-0900][gc,marking    ] GC(4) Concurrent Preclean 0.082ms
[2022-05-22T01:32:42.612-0900][gc,marking    ] GC(4) Concurrent Mark (3.407s, 3.415s) 7.189ms
[2022-05-22T01:32:42.612-0900][gc,start      ] GC(4) Pause Remark
[2022-05-22T01:32:42.614-0900][gc,stringtable] GC(4) Cleaned string and symbol table, strings: 11661 processed, 9 removed, symbols: 94218 processed, 26 removed
[2022-05-22T01:32:42.615-0900][gc            ] GC(4) Pause Remark 140M->140M(1024M) 2.648ms
[2022-05-22T01:32:42.615-0900][gc,cpu        ] GC(4) User=0.01s Sys=0.00s Real=0.00s
[2022-05-22T01:32:42.615-0900][gc,marking    ] GC(4) Concurrent Rebuild Remembered Sets
[2022-05-22T01:32:42.619-0900][gc,marking    ] GC(4) Concurrent Rebuild Remembered Sets 4.039ms
[2022-05-22T01:32:42.619-0900][gc,start      ] GC(4) Pause Cleanup
[2022-05-22T01:32:42.619-0900][gc            ] GC(4) Pause Cleanup 140M->140M(1024M) 0.114ms
[2022-05-22T01:32:42.619-0900][gc,cpu        ] GC(4) User=0.00s Sys=0.00s Real=0.00s
[2022-05-22T01:32:42.619-0900][gc,marking    ] GC(4) Concurrent Cleanup for Next Mark
[2022-05-22T01:32:42.626-0900][gc,marking    ] GC(4) Concurrent Cleanup for Next Mark 7.076ms
[2022-05-22T01:32:42.626-0900][gc            ] GC(4) Concurrent Cycle 24.203ms
[2022-05-22T01:33:11.813-0900][gc,start      ] GC(5) Pause Young (Normal) (G1 Evacuation Pause)
[2022-05-22T01:33:11.818-0900][gc,task       ] GC(5) Using 4 workers of 4 for evacuation
[2022-05-22T01:33:11.824-0900][gc,phases     ] GC(5)   Pre Evacuate Collection Set: 0.0ms
[2022-05-22T01:33:11.824-0900][gc,phases     ] GC(5)   Evacuate Collection Set: 4.8ms
[2022-05-22T01:33:11.824-0900][gc,phases     ] GC(5)   Post Evacuate Collection Set: 0.5ms
[2022-05-22T01:33:11.824-0900][gc,phases     ] GC(5)   Other: 5.5ms
[2022-05-22T01:33:11.824-0900][gc,heap       ] GC(5) Eden regions: 47->0(46)
[2022-05-22T01:33:11.824-0900][gc,heap       ] GC(5) Survivor regions: 4->5(7)
[2022-05-22T01:33:11.824-0900][gc,heap       ] GC(5) Old regions: 7->9
[2022-05-22T01:33:11.824-0900][gc,heap       ] GC(5) Humongous regions: 129->129
[2022-05-22T01:33:11.824-0900][gc,metaspace  ] GC(5) Metaspace: 42431K->42431K(1087488K)
[2022-05-22T01:33:11.824-0900][gc            ] GC(5) Pause Young (Normal) (G1 Evacuation Pause) 186M->142M(1024M) 10.935ms
[2022-05-22T01:33:11.824-0900][gc,cpu        ] GC(5) User=0.01s Sys=0.00s Real=0.01s
[2022-05-22T01:37:17.978-0900][gc,start      ] GC(6) Pause Young (Normal) (G1 Evacuation Pause)
[2022-05-22T01:37:17.979-0900][gc,task       ] GC(6) Using 4 workers of 4 for evacuation
[2022-05-22T01:37:17.984-0900][gc,phases     ] GC(6)   Pre Evacuate Collection Set: 0.0ms
[2022-05-22T01:37:17.984-0900][gc,phases     ] GC(6)   Evacuate Collection Set: 3.8ms
[2022-05-22T01:37:17.984-0900][gc,phases     ] GC(6)   Post Evacuate Collection Set: 0.3ms
[2022-05-22T01:37:17.984-0900][gc,phases     ] GC(6)   Other: 1.2ms
[2022-05-22T01:37:17.984-0900][gc,heap       ] GC(6) Eden regions: 46->0(47)
[2022-05-22T01:37:17.984-0900][gc,heap       ] GC(6) Survivor regions: 5->4(7)
[2022-05-22T01:37:17.984-0900][gc,heap       ] GC(6) Old regions: 9->11
[2022-05-22T01:37:17.984-0900][gc,heap       ] GC(6) Humongous regions: 129->129
[2022-05-22T01:37:17.984-0900][gc,metaspace  ] GC(6) Metaspace: 44440K->44440K(1089536K)
[2022-05-22T01:37:17.984-0900][gc            ] GC(6) Pause Young (Normal) (G1 Evacuation Pause) 188M->142M(1024M) 5.418ms
[2022-05-22T01:37:17.984-0900][gc,cpu        ] GC(6) User=0.01s Sys=0.00s Real=0.01s
[2022-05-22T01:37:50.657-0900][gc,heap,exit  ] Heap
[2022-05-22T01:37:50.657-0900][gc,heap,exit  ]  garbage-first heap   total 1048576K, used 167836K [0x00000007c0000000, 0x0000000800000000)
[2022-05-22T01:37:50.657-0900][gc,heap,exit  ]   region size 1024K, 26 young (26624K), 4 survivors (4096K)
[2022-05-22T01:37:50.657-0900][gc,heap,exit  ]  Metaspace       used 45206K, capacity 46890K, committed 47100K, reserved 1091584K
[2022-05-22T01:37:50.657-0900][gc,heap,exit  ]   class space    used 5231K, capacity 5998K, committed 6016K, reserved 1048576K
