[2022-05-22T14:48:32.654-0900][gc,heap] Heap region size: 1M
[2022-05-22T14:48:32.662-0900][gc     ] Using G1
[2022-05-22T14:48:32.662-0900][gc,heap,coops] Heap address: 0x00000007c0000000, size: 1024 MB, Compressed Oops mode: Zero based, Oop shift amount: 3
[2022-05-22T14:48:33.431-0900][gc,start     ] GC(0) Pause Young (Concurrent Start) (Metadata GC Threshold)
[2022-05-22T14:48:33.431-0900][gc,task      ] GC(0) Using 4 workers of 4 for evacuation
[2022-05-22T14:48:33.438-0900][gc,phases    ] GC(0)   Pre Evacuate Collection Set: 0.0ms
[2022-05-22T14:48:33.438-0900][gc,phases    ] GC(0)   Evacuate Collection Set: 6.2ms
[2022-05-22T14:48:33.438-0900][gc,phases    ] GC(0)   Post Evacuate Collection Set: 0.4ms
[2022-05-22T14:48:33.438-0900][gc,phases    ] GC(0)   Other: 0.4ms
[2022-05-22T14:48:33.438-0900][gc,heap      ] GC(0) Eden regions: 41->0(44)
[2022-05-22T14:48:33.438-0900][gc,heap      ] GC(0) Survivor regions: 0->7(7)
[2022-05-22T14:48:33.438-0900][gc,heap      ] GC(0) Old regions: 0->0
[2022-05-22T14:48:33.438-0900][gc,heap      ] GC(0) Humongous regions: 0->0
[2022-05-22T14:48:33.438-0900][gc,metaspace ] GC(0) Metaspace: 20666K->20666K(1069056K)
[2022-05-22T14:48:33.438-0900][gc           ] GC(0) Pause Young (Concurrent Start) (Metadata GC Threshold) 41M->6M(1024M) 7.266ms
[2022-05-22T14:48:33.438-0900][gc,cpu       ] GC(0) User=0.01s Sys=0.00s Real=0.00s
[2022-05-22T14:48:33.438-0900][gc           ] GC(1) Concurrent Cycle
[2022-05-22T14:48:33.438-0900][gc,marking   ] GC(1) Concurrent Clear Claimed Marks
[2022-05-22T14:48:33.438-0900][gc,marking   ] GC(1) Concurrent Clear Claimed Marks 0.025ms
[2022-05-22T14:48:33.438-0900][gc,marking   ] GC(1) Concurrent Scan Root Regions
[2022-05-22T14:48:33.440-0900][gc,marking   ] GC(1) Concurrent Scan Root Regions 2.273ms
[2022-05-22T14:48:33.441-0900][gc,marking   ] GC(1) Concurrent Mark (0.794s)
[2022-05-22T14:48:33.441-0900][gc,marking   ] GC(1) Concurrent Mark From Roots
[2022-05-22T14:48:33.441-0900][gc,task      ] GC(1) Using 1 workers of 1 for marking
[2022-05-22T14:48:33.441-0900][gc,marking   ] GC(1) Concurrent Mark From Roots 0.122ms
[2022-05-22T14:48:33.441-0900][gc,marking   ] GC(1) Concurrent Preclean
[2022-05-22T14:48:33.441-0900][gc,marking   ] GC(1) Concurrent Preclean 0.022ms
[2022-05-22T14:48:33.441-0900][gc,marking   ] GC(1) Concurrent Mark (0.794s, 0.794s) 0.178ms
[2022-05-22T14:48:33.441-0900][gc,start     ] GC(1) Pause Remark
[2022-05-22T14:48:33.442-0900][gc,stringtable] GC(1) Cleaned string and symbol table, strings: 7480 processed, 0 removed, symbols: 63548 processed, 32 removed
[2022-05-22T14:48:33.442-0900][gc            ] GC(1) Pause Remark 7M->7M(1024M) 1.421ms
[2022-05-22T14:48:33.442-0900][gc,cpu        ] GC(1) User=0.00s Sys=0.00s Real=0.00s
[2022-05-22T14:48:33.442-0900][gc,marking    ] GC(1) Concurrent Rebuild Remembered Sets
[2022-05-22T14:48:33.442-0900][gc,marking    ] GC(1) Concurrent Rebuild Remembered Sets 0.069ms
[2022-05-22T14:48:33.442-0900][gc,start      ] GC(1) Pause Cleanup
[2022-05-22T14:48:33.443-0900][gc            ] GC(1) Pause Cleanup 7M->7M(1024M) 0.117ms
[2022-05-22T14:48:33.443-0900][gc,cpu        ] GC(1) User=0.00s Sys=0.00s Real=0.00s
[2022-05-22T14:48:33.443-0900][gc,marking    ] GC(1) Concurrent Cleanup for Next Mark
[2022-05-22T14:48:33.449-0900][gc,marking    ] GC(1) Concurrent Cleanup for Next Mark 6.756ms
[2022-05-22T14:48:33.449-0900][gc            ] GC(1) Concurrent Cycle 11.284ms
[2022-05-22T14:48:34.436-0900][gc,start      ] GC(2) Pause Young (Normal) (G1 Evacuation Pause)
[2022-05-22T14:48:34.436-0900][gc,task       ] GC(2) Using 4 workers of 4 for evacuation
[2022-05-22T14:48:34.442-0900][gc,phases     ] GC(2)   Pre Evacuate Collection Set: 0.0ms
[2022-05-22T14:48:34.442-0900][gc,phases     ] GC(2)   Evacuate Collection Set: 5.3ms
[2022-05-22T14:48:34.442-0900][gc,phases     ] GC(2)   Post Evacuate Collection Set: 0.4ms
[2022-05-22T14:48:34.442-0900][gc,phases     ] GC(2)   Other: 0.1ms
[2022-05-22T14:48:34.442-0900][gc,heap       ] GC(2) Eden regions: 44->0(48)
[2022-05-22T14:48:34.442-0900][gc,heap       ] GC(2) Survivor regions: 7->3(7)
[2022-05-22T14:48:34.442-0900][gc,heap       ] GC(2) Old regions: 0->7
[2022-05-22T14:48:34.442-0900][gc,heap       ] GC(2) Humongous regions: 129->129
[2022-05-22T14:48:34.442-0900][gc,metaspace  ] GC(2) Metaspace: 30471K->30471K(1077248K)
[2022-05-22T14:48:34.442-0900][gc            ] GC(2) Pause Young (Normal) (G1 Evacuation Pause) 179M->137M(1024M) 5.970ms
[2022-05-22T14:48:34.442-0900][gc,cpu        ] GC(2) User=0.02s Sys=0.01s Real=0.01s
[2022-05-22T14:48:34.727-0900][gc,start      ] GC(3) Pause Young (Concurrent Start) (Metadata GC Threshold)
[2022-05-22T14:48:34.727-0900][gc,task       ] GC(3) Using 4 workers of 4 for evacuation
[2022-05-22T14:48:34.730-0900][gc,phases     ] GC(3)   Pre Evacuate Collection Set: 0.1ms
[2022-05-22T14:48:34.730-0900][gc,phases     ] GC(3)   Evacuate Collection Set: 3.1ms
[2022-05-22T14:48:34.730-0900][gc,phases     ] GC(3)   Post Evacuate Collection Set: 0.2ms
[2022-05-22T14:48:34.730-0900][gc,phases     ] GC(3)   Other: 0.2ms
[2022-05-22T14:48:34.730-0900][gc,heap       ] GC(3) Eden regions: 23->0(47)
[2022-05-22T14:48:34.730-0900][gc,heap       ] GC(3) Survivor regions: 3->4(7)
[2022-05-22T14:48:34.730-0900][gc,heap       ] GC(3) Old regions: 7->7
[2022-05-22T14:48:34.730-0900][gc,heap       ] GC(3) Humongous regions: 129->129
[2022-05-22T14:48:34.730-0900][gc,metaspace  ] GC(3) Metaspace: 34721K->34721K(1081344K)
[2022-05-22T14:48:34.730-0900][gc            ] GC(3) Pause Young (Concurrent Start) (Metadata GC Threshold) 160M->139M(1024M) 3.626ms
[2022-05-22T14:48:34.730-0900][gc,cpu        ] GC(3) User=0.02s Sys=0.00s Real=0.01s
[2022-05-22T14:48:34.730-0900][gc            ] GC(4) Concurrent Cycle
[2022-05-22T14:48:34.730-0900][gc,marking    ] GC(4) Concurrent Clear Claimed Marks
[2022-05-22T14:48:34.730-0900][gc,marking    ] GC(4) Concurrent Clear Claimed Marks 0.039ms
[2022-05-22T14:48:34.730-0900][gc,marking    ] GC(4) Concurrent Scan Root Regions
[2022-05-22T14:48:34.733-0900][gc,marking    ] GC(4) Concurrent Scan Root Regions 2.283ms
[2022-05-22T14:48:34.733-0900][gc,marking    ] GC(4) Concurrent Mark (2.086s)
[2022-05-22T14:48:34.733-0900][gc,marking    ] GC(4) Concurrent Mark From Roots
[2022-05-22T14:48:34.733-0900][gc,task       ] GC(4) Using 1 workers of 1 for marking
[2022-05-22T14:48:34.739-0900][gc,marking    ] GC(4) Concurrent Mark From Roots 6.143ms
[2022-05-22T14:48:34.739-0900][gc,marking    ] GC(4) Concurrent Preclean
[2022-05-22T14:48:34.739-0900][gc,marking    ] GC(4) Concurrent Preclean 0.051ms
[2022-05-22T14:48:34.739-0900][gc,marking    ] GC(4) Concurrent Mark (2.086s, 2.092s) 6.243ms
[2022-05-22T14:48:34.739-0900][gc,start      ] GC(4) Pause Remark
[2022-05-22T14:48:34.741-0900][gc,stringtable] GC(4) Cleaned string and symbol table, strings: 11642 processed, 9 removed, symbols: 94120 processed, 27 removed
[2022-05-22T14:48:34.741-0900][gc            ] GC(4) Pause Remark 139M->139M(1024M) 1.882ms
[2022-05-22T14:48:34.741-0900][gc,cpu        ] GC(4) User=0.01s Sys=0.00s Real=0.01s
[2022-05-22T14:48:34.741-0900][gc,marking    ] GC(4) Concurrent Rebuild Remembered Sets
[2022-05-22T14:48:34.745-0900][gc,marking    ] GC(4) Concurrent Rebuild Remembered Sets 3.878ms
[2022-05-22T14:48:34.745-0900][gc,start      ] GC(4) Pause Cleanup
[2022-05-22T14:48:34.745-0900][gc            ] GC(4) Pause Cleanup 140M->140M(1024M) 0.105ms
[2022-05-22T14:48:34.745-0900][gc,cpu        ] GC(4) User=0.00s Sys=0.00s Real=0.00s
[2022-05-22T14:48:34.745-0900][gc,marking    ] GC(4) Concurrent Cleanup for Next Mark
[2022-05-22T14:48:34.751-0900][gc,marking    ] GC(4) Concurrent Cleanup for Next Mark 6.292ms
[2022-05-22T14:48:34.752-0900][gc            ] GC(4) Concurrent Cycle 21.353ms
[2022-05-22T14:49:37.568-0900][gc,start      ] GC(5) Pause Young (Normal) (G1 Evacuation Pause)
[2022-05-22T14:49:37.568-0900][gc,task       ] GC(5) Using 4 workers of 4 for evacuation
[2022-05-22T14:49:37.572-0900][gc,phases     ] GC(5)   Pre Evacuate Collection Set: 0.0ms
[2022-05-22T14:49:37.572-0900][gc,phases     ] GC(5)   Evacuate Collection Set: 4.3ms
[2022-05-22T14:49:37.573-0900][gc,phases     ] GC(5)   Post Evacuate Collection Set: 0.5ms
[2022-05-22T14:49:37.573-0900][gc,phases     ] GC(5)   Other: 0.2ms
[2022-05-22T14:49:37.573-0900][gc,heap       ] GC(5) Eden regions: 47->0(45)
[2022-05-22T14:49:37.573-0900][gc,heap       ] GC(5) Survivor regions: 4->6(7)
[2022-05-22T14:49:37.573-0900][gc,heap       ] GC(5) Old regions: 7->9
[2022-05-22T14:49:37.573-0900][gc,heap       ] GC(5) Humongous regions: 129->129
[2022-05-22T14:49:37.573-0900][gc,metaspace  ] GC(5) Metaspace: 44155K->44155K(1089536K)
[2022-05-22T14:49:37.573-0900][gc            ] GC(5) Pause Young (Normal) (G1 Evacuation Pause) 186M->142M(1024M) 5.023ms
[2022-05-22T14:49:37.573-0900][gc,cpu        ] GC(5) User=0.02s Sys=0.00s Real=0.01s
[2022-05-22T14:55:00.894-0900][gc,start      ] GC(6) Pause Young (Normal) (G1 Evacuation Pause)
[2022-05-22T14:55:00.894-0900][gc,task       ] GC(6) Using 4 workers of 4 for evacuation
[2022-05-22T14:55:00.901-0900][gc,phases     ] GC(6)   Pre Evacuate Collection Set: 0.0ms
[2022-05-22T14:55:00.902-0900][gc,phases     ] GC(6)   Evacuate Collection Set: 5.9ms
[2022-05-22T14:55:00.902-0900][gc,phases     ] GC(6)   Post Evacuate Collection Set: 1.0ms
[2022-05-22T14:55:00.902-0900][gc,phases     ] GC(6)   Other: 0.2ms
[2022-05-22T14:55:00.902-0900][gc,heap       ] GC(6) Eden regions: 45->0(45)
[2022-05-22T14:55:00.902-0900][gc,heap       ] GC(6) Survivor regions: 6->6(7)
[2022-05-22T14:55:00.902-0900][gc,heap       ] GC(6) Old regions: 9->11
[2022-05-22T14:55:00.902-0900][gc,heap       ] GC(6) Humongous regions: 129->129
[2022-05-22T14:55:00.902-0900][gc,metaspace  ] GC(6) Metaspace: 49459K->49459K(1093632K)
[2022-05-22T14:55:00.902-0900][gc            ] GC(6) Pause Young (Normal) (G1 Evacuation Pause) 187M->145M(1024M) 7.246ms
[2022-05-22T14:55:00.902-0900][gc,cpu        ] GC(6) User=0.02s Sys=0.00s Real=0.01s
[2022-05-22T15:22:02.747-0900][gc,start      ] GC(7) Pause Young (Normal) (G1 Evacuation Pause)
[2022-05-22T15:22:02.765-0900][gc,task       ] GC(7) Using 4 workers of 4 for evacuation
[2022-05-22T15:22:02.824-0900][gc,mmu        ] GC(7) MMU target violated: 21.0ms (20.0ms/21.0ms)
[2022-05-22T15:22:02.824-0900][gc,phases     ] GC(7)   Pre Evacuate Collection Set: 3.7ms
[2022-05-22T15:22:02.824-0900][gc,phases     ] GC(7)   Evacuate Collection Set: 52.1ms
[2022-05-22T15:22:02.824-0900][gc,phases     ] GC(7)   Post Evacuate Collection Set: 1.0ms
[2022-05-22T15:22:02.824-0900][gc,phases     ] GC(7)   Other: 25.9ms
[2022-05-22T15:22:02.824-0900][gc,heap       ] GC(7) Eden regions: 45->0(46)
[2022-05-22T15:22:02.824-0900][gc,heap       ] GC(7) Survivor regions: 6->5(7)
[2022-05-22T15:22:02.824-0900][gc,heap       ] GC(7) Old regions: 11->14
[2022-05-22T15:22:02.824-0900][gc,heap       ] GC(7) Humongous regions: 129->129
[2022-05-22T15:22:02.824-0900][gc,metaspace  ] GC(7) Metaspace: 50413K->50413K(1095680K)
[2022-05-22T15:22:02.824-0900][gc            ] GC(7) Pause Young (Normal) (G1 Evacuation Pause) 190M->147M(1024M) 76.649ms
[2022-05-22T15:22:02.824-0900][gc,cpu        ] GC(7) User=0.03s Sys=0.05s Real=0.08s
[2022-05-22T15:34:06.390-0900][gc,start      ] GC(8) Pause Young (Normal) (G1 Evacuation Pause)
[2022-05-22T15:34:06.403-0900][gc,task       ] GC(8) Using 4 workers of 4 for evacuation
[2022-05-22T15:34:06.440-0900][gc,mmu        ] GC(8) MMU target violated: 21.0ms (20.0ms/21.0ms)
[2022-05-22T15:34:06.440-0900][gc,phases     ] GC(8)   Pre Evacuate Collection Set: 15.2ms
[2022-05-22T15:34:06.440-0900][gc,phases     ] GC(8)   Evacuate Collection Set: 18.3ms
[2022-05-22T15:34:06.440-0900][gc,phases     ] GC(8)   Post Evacuate Collection Set: 1.7ms
[2022-05-22T15:34:06.440-0900][gc,phases     ] GC(8)   Other: 15.4ms
[2022-05-22T15:34:06.440-0900][gc,heap       ] GC(8) Eden regions: 46->0(47)
[2022-05-22T15:34:06.440-0900][gc,heap       ] GC(8) Survivor regions: 5->4(7)
[2022-05-22T15:34:06.440-0900][gc,heap       ] GC(8) Old regions: 14->16
[2022-05-22T15:34:06.440-0900][gc,heap       ] GC(8) Humongous regions: 129->129
[2022-05-22T15:34:06.440-0900][gc,metaspace  ] GC(8) Metaspace: 50725K->50725K(1095680K)
[2022-05-22T15:34:06.440-0900][gc            ] GC(8) Pause Young (Normal) (G1 Evacuation Pause) 193M->148M(1024M) 50.702ms
[2022-05-22T15:34:06.440-0900][gc,cpu        ] GC(8) User=0.02s Sys=0.02s Real=0.05s
[2022-05-22T15:42:59.467-0900][gc,start      ] GC(9) Pause Young (Normal) (G1 Evacuation Pause)
[2022-05-22T15:42:59.468-0900][gc,task       ] GC(9) Using 4 workers of 4 for evacuation
[2022-05-22T15:42:59.479-0900][gc,phases     ] GC(9)   Pre Evacuate Collection Set: 0.6ms
[2022-05-22T15:42:59.479-0900][gc,phases     ] GC(9)   Evacuate Collection Set: 8.5ms
[2022-05-22T15:42:59.479-0900][gc,phases     ] GC(9)   Post Evacuate Collection Set: 1.5ms
[2022-05-22T15:42:59.479-0900][gc,phases     ] GC(9)   Other: 1.4ms
[2022-05-22T15:42:59.479-0900][gc,heap       ] GC(9) Eden regions: 47->0(46)
[2022-05-22T15:42:59.479-0900][gc,heap       ] GC(9) Survivor regions: 4->5(7)
[2022-05-22T15:42:59.479-0900][gc,heap       ] GC(9) Old regions: 16->16
[2022-05-22T15:42:59.479-0900][gc,heap       ] GC(9) Humongous regions: 129->129
[2022-05-22T15:42:59.479-0900][gc,metaspace  ] GC(9) Metaspace: 50823K->50823K(1095680K)
[2022-05-22T15:42:59.479-0900][gc            ] GC(9) Pause Young (Normal) (G1 Evacuation Pause) 195M->149M(1024M) 12.022ms
[2022-05-22T15:42:59.479-0900][gc,cpu        ] GC(9) User=0.01s Sys=0.01s Real=0.01s
[2022-05-22T15:57:05.521-0900][gc,start      ] GC(10) Pause Young (Normal) (G1 Evacuation Pause)
[2022-05-22T15:57:05.521-0900][gc,task       ] GC(10) Using 4 workers of 4 for evacuation
[2022-05-22T15:57:05.530-0900][gc,phases     ] GC(10)   Pre Evacuate Collection Set: 0.0ms
[2022-05-22T15:57:05.530-0900][gc,phases     ] GC(10)   Evacuate Collection Set: 8.8ms
[2022-05-22T15:57:05.530-0900][gc,phases     ] GC(10)   Post Evacuate Collection Set: 0.2ms
[2022-05-22T15:57:05.530-0900][gc,phases     ] GC(10)   Other: 5.7ms
[2022-05-22T15:57:05.530-0900][gc,heap       ] GC(10) Eden regions: 46->0(47)
[2022-05-22T15:57:05.530-0900][gc,heap       ] GC(10) Survivor regions: 5->4(7)
[2022-05-22T15:57:05.530-0900][gc,heap       ] GC(10) Old regions: 16->18
[2022-05-22T15:57:05.530-0900][gc,heap       ] GC(10) Humongous regions: 129->129
[2022-05-22T15:57:05.530-0900][gc,metaspace  ] GC(10) Metaspace: 50928K->50928K(1095680K)
[2022-05-22T15:57:05.530-0900][gc            ] GC(10) Pause Young (Normal) (G1 Evacuation Pause) 195M->150M(1024M) 9.406ms
[2022-05-22T15:57:05.530-0900][gc,cpu        ] GC(10) User=0.02s Sys=0.00s Real=0.01s
[2022-05-22T16:23:47.817-0900][gc,start      ] GC(11) Pause Young (Normal) (G1 Evacuation Pause)
[2022-05-22T16:23:47.859-0900][gc,task       ] GC(11) Using 4 workers of 4 for evacuation
[2022-05-22T16:23:48.168-0900][gc,mmu        ] GC(11) MMU target violated: 21.0ms (20.0ms/21.0ms)
[2022-05-22T16:23:48.168-0900][gc,phases     ] GC(11)   Pre Evacuate Collection Set: 47.9ms
[2022-05-22T16:23:48.168-0900][gc,phases     ] GC(11)   Evacuate Collection Set: 227.8ms
[2022-05-22T16:23:48.168-0900][gc,phases     ] GC(11)   Post Evacuate Collection Set: 0.3ms
[2022-05-22T16:23:48.168-0900][gc,phases     ] GC(11)   Other: 77.8ms
[2022-05-22T16:23:48.168-0900][gc,heap       ] GC(11) Eden regions: 47->0(46)
[2022-05-22T16:23:48.168-0900][gc,heap       ] GC(11) Survivor regions: 4->5(7)
[2022-05-22T16:23:48.168-0900][gc,heap       ] GC(11) Old regions: 18->20
[2022-05-22T16:23:48.168-0900][gc,heap       ] GC(11) Humongous regions: 129->129
[2022-05-22T16:23:48.168-0900][gc,metaspace  ] GC(11) Metaspace: 51026K->51026K(1095680K)
[2022-05-22T16:23:48.168-0900][gc            ] GC(11) Pause Young (Normal) (G1 Evacuation Pause) 197M->153M(1024M) 351.390ms
[2022-05-22T16:23:48.168-0900][gc,cpu        ] GC(11) User=0.02s Sys=0.06s Real=0.35s
[2022-05-22T16:27:30.320-0900][gc,start      ] GC(12) Pause Young (Normal) (G1 Evacuation Pause)
[2022-05-22T16:27:30.321-0900][gc,task       ] GC(12) Using 4 workers of 4 for evacuation
[2022-05-22T16:27:30.338-0900][gc,phases     ] GC(12)   Pre Evacuate Collection Set: 4.3ms
[2022-05-22T16:27:30.355-0900][gc,phases     ] GC(12)   Evacuate Collection Set: 11.0ms
[2022-05-22T16:27:30.355-0900][gc,phases     ] GC(12)   Post Evacuate Collection Set: 1.4ms
[2022-05-22T16:27:30.355-0900][gc,phases     ] GC(12)   Other: 2.8ms
[2022-05-22T16:27:30.355-0900][gc,heap       ] GC(12) Eden regions: 46->0(47)
[2022-05-22T16:27:30.355-0900][gc,heap       ] GC(12) Survivor regions: 5->4(7)
[2022-05-22T16:27:30.355-0900][gc,heap       ] GC(12) Old regions: 20->21
[2022-05-22T16:27:30.355-0900][gc,heap       ] GC(12) Humongous regions: 129->129
[2022-05-22T16:27:30.355-0900][gc,metaspace  ] GC(12) Metaspace: 51063K->51063K(1095680K)
[2022-05-22T16:27:30.356-0900][gc            ] GC(12) Pause Young (Normal) (G1 Evacuation Pause) 199M->153M(1024M) 35.915ms
[2022-05-22T16:27:30.356-0900][gc,cpu        ] GC(12) User=0.01s Sys=0.01s Real=0.03s
[2022-05-22T16:31:15.663-0900][gc,start      ] GC(13) Pause Young (Normal) (G1 Evacuation Pause)
[2022-05-22T16:31:15.664-0900][gc,task       ] GC(13) Using 4 workers of 4 for evacuation
[2022-05-22T16:31:15.670-0900][gc,phases     ] GC(13)   Pre Evacuate Collection Set: 1.3ms
[2022-05-22T16:31:15.670-0900][gc,phases     ] GC(13)   Evacuate Collection Set: 4.9ms
[2022-05-22T16:31:15.670-0900][gc,phases     ] GC(13)   Post Evacuate Collection Set: 0.2ms
[2022-05-22T16:31:15.671-0900][gc,phases     ] GC(13)   Other: 0.5ms
[2022-05-22T16:31:15.671-0900][gc,heap       ] GC(13) Eden regions: 47->0(49)
[2022-05-22T16:31:15.671-0900][gc,heap       ] GC(13) Survivor regions: 4->2(7)
[2022-05-22T16:31:15.671-0900][gc,heap       ] GC(13) Old regions: 21->22
[2022-05-22T16:31:15.671-0900][gc,heap       ] GC(13) Humongous regions: 129->129
[2022-05-22T16:31:15.671-0900][gc,metaspace  ] GC(13) Metaspace: 51089K->51089K(1095680K)
[2022-05-22T16:31:15.671-0900][gc            ] GC(13) Pause Young (Normal) (G1 Evacuation Pause) 200M->152M(1024M) 7.116ms
[2022-05-22T16:31:15.671-0900][gc,cpu        ] GC(13) User=0.02s Sys=0.00s Real=0.01s
[2022-05-22T16:34:47.718-0900][gc,start      ] GC(14) Pause Young (Normal) (G1 Evacuation Pause)
[2022-05-22T16:34:47.726-0900][gc,task       ] GC(14) Using 4 workers of 4 for evacuation
[2022-05-22T16:34:47.742-0900][gc,phases     ] GC(14)   Pre Evacuate Collection Set: 0.0ms
[2022-05-22T16:34:47.742-0900][gc,phases     ] GC(14)   Evacuate Collection Set: 15.8ms
[2022-05-22T16:34:47.743-0900][gc,phases     ] GC(14)   Post Evacuate Collection Set: 0.2ms
[2022-05-22T16:34:47.743-0900][gc,phases     ] GC(14)   Other: 8.7ms
[2022-05-22T16:34:47.743-0900][gc,heap       ] GC(14) Eden regions: 49->0(47)
[2022-05-22T16:34:47.743-0900][gc,heap       ] GC(14) Survivor regions: 2->4(7)
[2022-05-22T16:34:47.743-0900][gc,heap       ] GC(14) Old regions: 22->22
[2022-05-22T16:34:47.743-0900][gc,heap       ] GC(14) Humongous regions: 129->129
[2022-05-22T16:34:47.743-0900][gc,metaspace  ] GC(14) Metaspace: 51101K->51101K(1095680K)
[2022-05-22T16:34:47.743-0900][gc            ] GC(14) Pause Young (Normal) (G1 Evacuation Pause) 201M->154M(1024M) 24.716ms
[2022-05-22T16:34:47.743-0900][gc,cpu        ] GC(14) User=0.03s Sys=0.00s Real=0.03s
[2022-05-22T16:37:56.815-0900][gc,start      ] GC(15) Pause Young (Normal) (G1 Evacuation Pause)
[2022-05-22T16:37:56.830-0900][gc,task       ] GC(15) Using 4 workers of 4 for evacuation
[2022-05-22T16:37:56.837-0900][gc,phases     ] GC(15)   Pre Evacuate Collection Set: 0.0ms
[2022-05-22T16:37:56.837-0900][gc,phases     ] GC(15)   Evacuate Collection Set: 6.5ms
[2022-05-22T16:37:56.837-0900][gc,phases     ] GC(15)   Post Evacuate Collection Set: 0.3ms
[2022-05-22T16:37:56.837-0900][gc,phases     ] GC(15)   Other: 15.4ms
[2022-05-22T16:37:56.837-0900][gc,heap       ] GC(15) Eden regions: 47->0(47)
[2022-05-22T16:37:56.837-0900][gc,heap       ] GC(15) Survivor regions: 4->4(7)
[2022-05-22T16:37:56.837-0900][gc,heap       ] GC(15) Old regions: 22->23
[2022-05-22T16:37:56.837-0900][gc,heap       ] GC(15) Humongous regions: 129->129
[2022-05-22T16:37:56.837-0900][gc,metaspace  ] GC(15) Metaspace: 51260K->51260K(1095680K)
[2022-05-22T16:37:56.837-0900][gc            ] GC(15) Pause Young (Normal) (G1 Evacuation Pause) 201M->154M(1024M) 22.450ms
[2022-05-22T16:37:56.837-0900][gc,cpu        ] GC(15) User=0.01s Sys=0.00s Real=0.02s
[2022-05-22T16:40:57.018-0900][gc,start      ] GC(16) Pause Young (Normal) (G1 Evacuation Pause)
[2022-05-22T16:40:57.023-0900][gc,task       ] GC(16) Using 4 workers of 4 for evacuation
[2022-05-22T16:40:57.033-0900][gc,phases     ] GC(16)   Pre Evacuate Collection Set: 0.0ms
[2022-05-22T16:40:57.033-0900][gc,phases     ] GC(16)   Evacuate Collection Set: 9.7ms
[2022-05-22T16:40:57.033-0900][gc,phases     ] GC(16)   Post Evacuate Collection Set: 0.2ms
[2022-05-22T16:40:57.033-0900][gc,phases     ] GC(16)   Other: 16.4ms
[2022-05-22T16:40:57.033-0900][gc,heap       ] GC(16) Eden regions: 47->0(45)
[2022-05-22T16:40:57.033-0900][gc,heap       ] GC(16) Survivor regions: 4->6(7)
[2022-05-22T16:40:57.033-0900][gc,heap       ] GC(16) Old regions: 23->23
[2022-05-22T16:40:57.033-0900][gc,heap       ] GC(16) Humongous regions: 129->129
[2022-05-22T16:40:57.033-0900][gc,metaspace  ] GC(16) Metaspace: 51267K->51267K(1095680K)
[2022-05-22T16:40:57.033-0900][gc            ] GC(16) Pause Young (Normal) (G1 Evacuation Pause) 201M->156M(1024M) 15.423ms
[2022-05-22T16:40:57.033-0900][gc,cpu        ] GC(16) User=0.02s Sys=0.01s Real=0.02s
[2022-05-22T16:44:06.046-0900][gc,start      ] GC(17) Pause Young (Normal) (G1 Evacuation Pause)
[2022-05-22T16:44:06.047-0900][gc,task       ] GC(17) Using 4 workers of 4 for evacuation
[2022-05-22T16:44:06.054-0900][gc,phases     ] GC(17)   Pre Evacuate Collection Set: 0.0ms
[2022-05-22T16:44:06.054-0900][gc,phases     ] GC(17)   Evacuate Collection Set: 6.9ms
[2022-05-22T16:44:06.054-0900][gc,phases     ] GC(17)   Post Evacuate Collection Set: 0.2ms
[2022-05-22T16:44:06.054-0900][gc,phases     ] GC(17)   Other: 0.2ms
[2022-05-22T16:44:06.054-0900][gc,heap       ] GC(17) Eden regions: 45->0(44)
[2022-05-22T16:44:06.054-0900][gc,heap       ] GC(17) Survivor regions: 6->7(7)
[2022-05-22T16:44:06.054-0900][gc,heap       ] GC(17) Old regions: 23->25
[2022-05-22T16:44:06.054-0900][gc,heap       ] GC(17) Humongous regions: 129->129
[2022-05-22T16:44:06.054-0900][gc,metaspace  ] GC(17) Metaspace: 51275K->51275K(1095680K)
[2022-05-22T16:44:06.054-0900][gc            ] GC(17) Pause Young (Normal) (G1 Evacuation Pause) 201M->159M(1024M) 7.471ms
[2022-05-22T16:44:06.054-0900][gc,cpu        ] GC(17) User=0.02s Sys=0.00s Real=0.01s
[2022-05-22T16:47:15.189-0900][gc,start      ] GC(18) Pause Young (Normal) (G1 Evacuation Pause)
[2022-05-22T16:47:15.199-0900][gc,task       ] GC(18) Using 4 workers of 4 for evacuation
[2022-05-22T16:47:15.213-0900][gc,phases     ] GC(18)   Pre Evacuate Collection Set: 0.1ms
[2022-05-22T16:47:15.213-0900][gc,phases     ] GC(18)   Evacuate Collection Set: 13.3ms
[2022-05-22T16:47:15.213-0900][gc,phases     ] GC(18)   Post Evacuate Collection Set: 0.8ms
[2022-05-22T16:47:15.213-0900][gc,phases     ] GC(18)   Other: 10.8ms
[2022-05-22T16:47:15.213-0900][gc,heap       ] GC(18) Eden regions: 44->0(47)
[2022-05-22T16:47:15.213-0900][gc,heap       ] GC(18) Survivor regions: 7->4(7)
[2022-05-22T16:47:15.213-0900][gc,heap       ] GC(18) Old regions: 25->29
[2022-05-22T16:47:15.213-0900][gc,heap       ] GC(18) Humongous regions: 129->129
[2022-05-22T16:47:15.213-0900][gc,metaspace  ] GC(18) Metaspace: 51278K->51278K(1095680K)
[2022-05-22T16:47:15.213-0900][gc            ] GC(18) Pause Young (Normal) (G1 Evacuation Pause) 203M->161M(1024M) 24.483ms
[2022-05-22T16:47:15.214-0900][gc,cpu        ] GC(18) User=0.02s Sys=0.00s Real=0.03s
[2022-05-22T16:50:37.322-0900][gc,start      ] GC(19) Pause Young (Normal) (G1 Evacuation Pause)
[2022-05-22T16:50:37.330-0900][gc,task       ] GC(19) Using 4 workers of 4 for evacuation
[2022-05-22T16:50:37.338-0900][gc,phases     ] GC(19)   Pre Evacuate Collection Set: 0.0ms
[2022-05-22T16:50:37.338-0900][gc,phases     ] GC(19)   Evacuate Collection Set: 7.8ms
[2022-05-22T16:50:37.338-0900][gc,phases     ] GC(19)   Post Evacuate Collection Set: 0.3ms
[2022-05-22T16:50:37.338-0900][gc,phases     ] GC(19)   Other: 7.9ms
[2022-05-22T16:50:37.338-0900][gc,heap       ] GC(19) Eden regions: 47->0(44)
[2022-05-22T16:50:37.338-0900][gc,heap       ] GC(19) Survivor regions: 4->7(7)
[2022-05-22T16:50:37.338-0900][gc,heap       ] GC(19) Old regions: 29->29
[2022-05-22T16:50:37.338-0900][gc,heap       ] GC(19) Humongous regions: 129->129
[2022-05-22T16:50:37.338-0900][gc,metaspace  ] GC(19) Metaspace: 51279K->51279K(1095680K)
[2022-05-22T16:50:37.338-0900][gc            ] GC(19) Pause Young (Normal) (G1 Evacuation Pause) 208M->164M(1024M) 16.217ms
[2022-05-22T16:50:37.338-0900][gc,cpu        ] GC(19) User=0.02s Sys=0.00s Real=0.01s
[2022-05-22T16:53:44.448-0900][gc,start      ] GC(20) Pause Young (Normal) (G1 Evacuation Pause)
[2022-05-22T16:53:44.448-0900][gc,task       ] GC(20) Using 4 workers of 4 for evacuation
[2022-05-22T16:53:44.456-0900][gc,phases     ] GC(20)   Pre Evacuate Collection Set: 0.0ms
[2022-05-22T16:53:44.456-0900][gc,phases     ] GC(20)   Evacuate Collection Set: 7.3ms
[2022-05-22T16:53:44.456-0900][gc,phases     ] GC(20)   Post Evacuate Collection Set: 0.2ms
[2022-05-22T16:53:44.456-0900][gc,phases     ] GC(20)   Other: 0.4ms
[2022-05-22T16:53:44.456-0900][gc,heap       ] GC(20) Eden regions: 44->0(47)
[2022-05-22T16:53:44.456-0900][gc,heap       ] GC(20) Survivor regions: 7->4(7)
[2022-05-22T16:53:44.456-0900][gc,heap       ] GC(20) Old regions: 29->34
[2022-05-22T16:53:44.456-0900][gc,heap       ] GC(20) Humongous regions: 129->129
[2022-05-22T16:53:44.456-0900][gc,metaspace  ] GC(20) Metaspace: 51302K->51302K(1095680K)
[2022-05-22T16:53:44.456-0900][gc            ] GC(20) Pause Young (Normal) (G1 Evacuation Pause) 208M->166M(1024M) 8.101ms
[2022-05-22T16:53:44.456-0900][gc,cpu        ] GC(20) User=0.02s Sys=0.00s Real=0.01s
[2022-05-22T16:57:06.472-0900][gc,start      ] GC(21) Pause Young (Normal) (G1 Evacuation Pause)
[2022-05-22T16:57:06.483-0900][gc,task       ] GC(21) Using 4 workers of 4 for evacuation
[2022-05-22T16:57:06.500-0900][gc,phases     ] GC(21)   Pre Evacuate Collection Set: 0.0ms
[2022-05-22T16:57:06.500-0900][gc,phases     ] GC(21)   Evacuate Collection Set: 16.9ms
[2022-05-22T16:57:06.500-0900][gc,phases     ] GC(21)   Post Evacuate Collection Set: 0.3ms
[2022-05-22T16:57:06.500-0900][gc,phases     ] GC(21)   Other: 10.4ms
[2022-05-22T16:57:06.500-0900][gc,heap       ] GC(21) Eden regions: 47->0(44)
[2022-05-22T16:57:06.500-0900][gc,heap       ] GC(21) Survivor regions: 4->7(7)
[2022-05-22T16:57:06.500-0900][gc,heap       ] GC(21) Old regions: 34->34
[2022-05-22T16:57:06.500-0900][gc,heap       ] GC(21) Humongous regions: 129->129
[2022-05-22T16:57:06.500-0900][gc,metaspace  ] GC(21) Metaspace: 51321K->51321K(1095680K)
[2022-05-22T16:57:06.500-0900][gc            ] GC(21) Pause Young (Normal) (G1 Evacuation Pause) 213M->169M(1024M) 27.703ms
[2022-05-22T16:57:06.500-0900][gc,cpu        ] GC(21) User=0.02s Sys=0.01s Real=0.03s
[2022-05-22T17:00:13.932-0900][gc,start      ] GC(22) Pause Young (Normal) (G1 Evacuation Pause)
[2022-05-22T17:00:13.932-0900][gc,task       ] GC(22) Using 4 workers of 4 for evacuation
[2022-05-22T17:00:13.939-0900][gc,phases     ] GC(22)   Pre Evacuate Collection Set: 0.0ms
[2022-05-22T17:00:13.939-0900][gc,phases     ] GC(22)   Evacuate Collection Set: 5.9ms
[2022-05-22T17:00:13.939-0900][gc,phases     ] GC(22)   Post Evacuate Collection Set: 0.2ms
[2022-05-22T17:00:13.939-0900][gc,phases     ] GC(22)   Other: 3.0ms
[2022-05-22T17:00:13.939-0900][gc,heap       ] GC(22) Eden regions: 44->0(47)
[2022-05-22T17:00:13.939-0900][gc,heap       ] GC(22) Survivor regions: 7->4(7)
[2022-05-22T17:00:13.939-0900][gc,heap       ] GC(22) Old regions: 34->39
[2022-05-22T17:00:13.939-0900][gc,heap       ] GC(22) Humongous regions: 129->129
[2022-05-22T17:00:13.939-0900][gc,metaspace  ] GC(22) Metaspace: 51327K->51327K(1095680K)
[2022-05-22T17:00:13.939-0900][gc            ] GC(22) Pause Young (Normal) (G1 Evacuation Pause) 213M->171M(1024M) 6.992ms
[2022-05-22T17:00:13.939-0900][gc,cpu        ] GC(22) User=0.02s Sys=0.00s Real=0.00s
[2022-05-22T17:03:34.203-0900][gc,start      ] GC(23) Pause Young (Normal) (G1 Evacuation Pause)
[2022-05-22T17:03:34.208-0900][gc,task       ] GC(23) Using 4 workers of 4 for evacuation
[2022-05-22T17:03:34.213-0900][gc,phases     ] GC(23)   Pre Evacuate Collection Set: 0.0ms
[2022-05-22T17:03:34.213-0900][gc,phases     ] GC(23)   Evacuate Collection Set: 4.2ms
[2022-05-22T17:03:34.213-0900][gc,phases     ] GC(23)   Post Evacuate Collection Set: 0.2ms
[2022-05-22T17:03:34.213-0900][gc,phases     ] GC(23)   Other: 5.6ms
[2022-05-22T17:03:34.213-0900][gc,heap       ] GC(23) Eden regions: 47->0(48)
[2022-05-22T17:03:34.213-0900][gc,heap       ] GC(23) Survivor regions: 4->6(7)
[2022-05-22T17:03:34.213-0900][gc,heap       ] GC(23) Old regions: 39->39
[2022-05-22T17:03:34.213-0900][gc,heap       ] GC(23) Humongous regions: 129->129
[2022-05-22T17:03:34.213-0900][gc,metaspace  ] GC(23) Metaspace: 51350K->51350K(1095680K)
[2022-05-22T17:03:34.213-0900][gc            ] GC(23) Pause Young (Normal) (G1 Evacuation Pause) 218M->173M(1024M) 10.163ms
[2022-05-22T17:03:34.213-0900][gc,cpu        ] GC(23) User=0.02s Sys=0.00s Real=0.01s
[2022-05-22T17:07:00.501-0900][gc,start      ] GC(24) Pause Young (Normal) (G1 Evacuation Pause)
[2022-05-22T17:07:00.513-0900][gc,task       ] GC(24) Using 4 workers of 4 for evacuation
[2022-05-22T17:07:00.521-0900][gc,phases     ] GC(24)   Pre Evacuate Collection Set: 0.0ms
[2022-05-22T17:07:00.521-0900][gc,phases     ] GC(24)   Evacuate Collection Set: 7.8ms
[2022-05-22T17:07:00.521-0900][gc,phases     ] GC(24)   Post Evacuate Collection Set: 0.3ms
[2022-05-22T17:07:00.522-0900][gc,phases     ] GC(24)   Other: 17.7ms
[2022-05-22T17:07:00.522-0900][gc,heap       ] GC(24) Eden regions: 48->0(51)
[2022-05-22T17:07:00.522-0900][gc,heap       ] GC(24) Survivor regions: 6->7(7)
[2022-05-22T17:07:00.522-0900][gc,heap       ] GC(24) Old regions: 39->41
[2022-05-22T17:07:00.522-0900][gc,heap       ] GC(24) Humongous regions: 129->129
[2022-05-22T17:07:00.522-0900][gc,metaspace  ] GC(24) Metaspace: 51350K->51350K(1095680K)
[2022-05-22T17:07:00.522-0900][gc            ] GC(24) Pause Young (Normal) (G1 Evacuation Pause) 221M->176M(1024M) 21.022ms
[2022-05-22T17:07:00.522-0900][gc,cpu        ] GC(24) User=0.03s Sys=0.01s Real=0.02s
[2022-05-22T17:10:37.185-0900][gc,start      ] GC(25) Pause Young (Normal) (G1 Evacuation Pause)
[2022-05-22T17:10:37.196-0900][gc,task       ] GC(25) Using 4 workers of 4 for evacuation
[2022-05-22T17:10:37.209-0900][gc,phases     ] GC(25)   Pre Evacuate Collection Set: 0.0ms
[2022-05-22T17:10:37.210-0900][gc,phases     ] GC(25)   Evacuate Collection Set: 13.0ms
[2022-05-22T17:10:37.210-0900][gc,phases     ] GC(25)   Post Evacuate Collection Set: 0.3ms
[2022-05-22T17:10:37.210-0900][gc,phases     ] GC(25)   Other: 10.8ms
[2022-05-22T17:10:37.210-0900][gc,heap       ] GC(25) Eden regions: 51->0(55)
[2022-05-22T17:10:37.210-0900][gc,heap       ] GC(25) Survivor regions: 7->4(8)
[2022-05-22T17:10:37.210-0900][gc,heap       ] GC(25) Old regions: 41->46
[2022-05-22T17:10:37.210-0900][gc,heap       ] GC(25) Humongous regions: 129->129
[2022-05-22T17:10:37.210-0900][gc,metaspace  ] GC(25) Metaspace: 51357K->51357K(1095680K)
[2022-05-22T17:10:37.210-0900][gc            ] GC(25) Pause Young (Normal) (G1 Evacuation Pause) 227M->178M(1024M) 24.334ms
[2022-05-22T17:10:37.210-0900][gc,cpu        ] GC(25) User=0.03s Sys=0.00s Real=0.03s
