[2022-05-22T01:31:54.553-0900][gc,heap] Heap region size: 1M
[2022-05-22T01:31:54.557-0900][gc     ] Using G1
[2022-05-22T01:31:54.557-0900][gc,heap,coops] Heap address: 0x00000007e0000000, size: 512 MB, Compressed Oops mode: Zero based, Oop shift amount: 3
[2022-05-22T01:31:56.460-0900][gc,start     ] GC(0) Pause Young (Normal) (G1 Evacuation Pause)
[2022-05-22T01:31:56.460-0900][gc,task      ] GC(0) Using 4 workers of 4 for evacuation
[2022-05-22T01:31:56.464-0900][gc,phases    ] GC(0)   Pre Evacuate Collection Set: 0.0ms
[2022-05-22T01:31:56.464-0900][gc,phases    ] GC(0)   Evacuate Collection Set: 3.8ms
[2022-05-22T01:31:56.464-0900][gc,phases    ] GC(0)   Post Evacuate Collection Set: 0.3ms
[2022-05-22T01:31:56.464-0900][gc,phases    ] GC(0)   Other: 0.3ms
[2022-05-22T01:31:56.464-0900][gc,heap      ] GC(0) Eden regions: 25->0(21)
[2022-05-22T01:31:56.464-0900][gc,heap      ] GC(0) Survivor regions: 0->4(4)
[2022-05-22T01:31:56.464-0900][gc,heap      ] GC(0) Old regions: 0->3
[2022-05-22T01:31:56.464-0900][gc,heap      ] GC(0) Humongous regions: 0->0
[2022-05-22T01:31:56.464-0900][gc,metaspace ] GC(0) Metaspace: 15225K->15225K(1062912K)
[2022-05-22T01:31:56.464-0900][gc           ] GC(0) Pause Young (Normal) (G1 Evacuation Pause) 25M->6M(512M) 4.550ms
[2022-05-22T01:31:56.464-0900][gc,cpu       ] GC(0) User=0.01s Sys=0.01s Real=0.00s
[2022-05-22T01:39:50.639-0900][gc,heap,exit ] Heap
[2022-05-22T01:39:50.640-0900][gc,heap,exit ]  garbage-first heap   total 524288K, used 18510K [0x00000007e0000000, 0x0000000800000000)
[2022-05-22T01:39:50.640-0900][gc,heap,exit ]   region size 1024K, 17 young (17408K), 4 survivors (4096K)
[2022-05-22T01:39:50.640-0900][gc,heap,exit ]  Metaspace       used 16147K, capacity 16568K, committed 16896K, reserved 1064960K
[2022-05-22T01:39:50.640-0900][gc,heap,exit ]   class space    used 1584K, capacity 1708K, committed 1792K, reserved 1048576K
